+ /opt/pyvenv/bin/python finite_check.py --bits 14
generalized Fibonacci-root squares below 2^14: 112
at most 1 summands: exceptions=16272, largest=16383
at most 2 summands: exceptions=12083, largest=16382
at most 3 summands: exceptions=68, largest=16376
at most 4 summands: exceptions=4, largest=7
four-summand exceptions: [1, 2, 4, 7]
fixed length-type coverage:
+ /opt/pyvenv/bin/python regression_check.py
PASS odd exhaustive 11 (1, 1, 1, 1)
PASS odd exhaustive 11 (2, 1, 1, 0)
PASS odd random 13 (1, 1, 1, 1)
PASS odd random 13 (2, 1, 1, 0)
PASS odd random 15 (1, 1, 1, 1)
PASS odd random 15 (2, 1, 1, 0)
PASS odd random 17 (1, 1, 1, 1)
PASS odd random 17 (2, 1, 1, 0)
PASS even exhaustive 10 (1, 1, 1, 1)
PASS even exhaustive 10 (2, 1, 1, 0)
PASS even random 12 (1, 1, 1, 1)
PASS even random 12 (2, 1, 1, 0)
PASS even random 14 (1, 1, 1, 1)
PASS even random 14 (2, 1, 1, 0)
PASS even random 16 (1, 1, 1, 1)
PASS even random 16 (2, 1, 1, 0)
PASS even random 18 (1, 1, 1, 1)
PASS even random 18 (2, 1, 1, 0)
+ /opt/pyvenv/bin/python build_graphs.py
odd_graph.txt: sizes=[7372, 4652, 3140, 1290, 585, 110], initial=144, accept=12
even_graph.txt: sizes=[7372, 4652, 3140, 1290, 585, 110], initial=144, accept=5
+ /opt/pyvenv/bin/python verify_antichain.py
PROVED ODD INCLUSION: all odd L>=15 are covered by the two four-summand types.
PROVED EVEN VIA ODD FRAME: all even L>=14 are covered by the two four-summand types.
ALL PYTHON CERTIFICATES PASSED

--- verifier diagnostics ---
sizes 7372 4652 3140 1290 585 110 init=144 accept=12
tail p=4 sets=4 min=26 max=36 avg=31
tail p=3 sets=16 min=37 max=46 avg=43
tail p=2 sets=64 min=47 max=98 avg=68
tail p=1 sets=256 min=58 max=155 avg=102
tail p=0 sets=998 min=60 max=288 avg=158
depth=1 sets=3296 min=75 max=390 avg=199
depth=2 sets=6426 min=76 max=464 avg=225
closure=1 sets=11332 min=70 max=467 avg=227
closure=2 sets=13226 min=69 max=475 avg=231
closure=3 sets=13887 min=69 max=479 avg=230
closure=4 sets=13955 min=69 max=487 avg=230
closure=5 sets=13945 min=69 max=487 avg=229
closure=6 sets=13913 min=69 max=487 avg=229
closure=7 sets=13894 min=69 max=487 avg=229
closure=8 sets=13894 min=69 max=487 avg=229
odd_graph.txt elapsed_seconds=9.154
sizes 7372 4652 3140 1290 585 110 init=144 accept=5
tail p=4 sets=2 min=26 max=26 avg=26
tail p=3 sets=8 min=46 max=51 avg=48
tail p=2 sets=32 min=51 max=104 avg=79
tail p=1 sets=128 min=68 max=156 avg=118
tail p=0 sets=512 min=76 max=272 avg=186
depth=1 sets=1773 min=96 max=371 avg=231
depth=2 sets=4078 min=110 max=437 avg=259
closure=1 sets=7403 min=109 max=472 avg=263
closure=2 sets=8321 min=105 max=472 avg=260
closure=3 sets=8690 min=105 max=472 avg=259
closure=4 sets=8660 min=105 max=474 avg=258
closure=5 sets=8687 min=105 max=474 avg=258
closure=6 sets=8713 min=105 max=474 avg=258
closure=7 sets=8723 min=105 max=474 avg=258
closure=8 sets=8723 min=105 max=474 avg=258
even_graph.txt elapsed_seconds=3.061
TOTAL 29.54 RSS 605840
