This is pdfTeX, Version 3.141592653-2.6-1.40.29 (MiKTeX 26.2) (preloaded format=pdflatex 2026.2.28)  26 JUL 2026 15:47
entering extended mode
 restricted \write18 enabled.
 %&-line parsing enabled.
**./primitive_dyck_tkuriyama_IJFCS_submission.tex
(primitive_dyck_tkuriyama_IJFCS_submission.tex
LaTeX2e <2025-11-01>
L3 programming layer <2026-01-19>
(ws-ijfcs.cls
Document Class: ws-ijfcs 2025/01/14 v1.5g Standardized LaTeX document class
\trimheight=\dimen148
\trimwidth=\dimen149
\typeheight=\dimen150
\typewidth=\dimen151
\wsdraftrule=\dimen152
\tempdimen=\dimen153
\tablewidth=\dimen154
\normaltextheight=\dimen155
\tempbox=\box53
\tablewd=\dimen156
\c@section=\count275
\c@subsection=\count276
\c@subsubsection=\count277
\c@paragraph=\count278
\c@subparagraph=\count279
\c@figure=\count280
\c@table=\count281
\tabledim=\dimen157
\abovecaptionskip=\skip49
\belowcaptionskip=\skip50
\c@theorem=\count282
\bibindent=\dimen158
\c@appendix=\count283
\minute=\count284
\hour=\count285
(C:\Users\Owner\AppData\Local\Programs\MiKTeX\tex/latex/amsfonts\amsfonts.sty
Package: amsfonts 2013/01/14 v3.01 Basic AMSFonts support
\@emptytoks=\toks17
\symAMSa=\mathgroup4
\symAMSb=\mathgroup5
LaTeX Font Info:    Redeclaring math symbol \hbar on input line 98.
LaTeX Font Info:    Overwriting math alphabet `\mathfrak' in version `bold'
(Font)                  U/euf/m/n --> U/euf/b/n on input line 106.
)
(C:\Users\Owner\AppData\Local\Programs\MiKTeX\tex/latex/amsfonts\amssymb.sty
Package: amssymb 2013/01/14 v3.01 AMS font symbols
)
(C:\Users\Owner\AppData\Local\Programs\MiKTeX\tex/latex/amsmath\amsmath.sty
Package: amsmath 2025/07/09 v2.17z AMS math features
\@mathmargin=\skip51

For additional information on amsmath, use the `?' option.
(C:\Users\Owner\AppData\Local\Programs\MiKTeX\tex/latex/amsmath\amstext.sty
Package: amstext 2024/11/17 v2.01 AMS text

(C:\Users\Owner\AppData\Local\Programs\MiKTeX\tex/latex/amsmath\amsgen.sty
File: amsgen.sty 1999/11/30 v2.0 generic functions
\@emptytoks=\toks18
\ex@=\dimen159
))
(C:\Users\Owner\AppData\Local\Programs\MiKTeX\tex/latex/amsmath\amsbsy.sty
Package: amsbsy 1999/11/29 v1.2d Bold Symbols
\pmbraise@=\dimen160
)
(C:\Users\Owner\AppData\Local\Programs\MiKTeX\tex/latex/amsmath\amsopn.sty
Package: amsopn 2022/04/08 v2.04 operator names
)
\inf@bad=\count286
LaTeX Info: Redefining \frac on input line 233.
\uproot@=\count287
\leftroot@=\count288
LaTeX Info: Redefining \overline on input line 398.
LaTeX Info: Redefining \colon on input line 409.
\classnum@=\count289
\DOTSCASE@=\count290
LaTeX Info: Redefining \ldots on input line 495.
LaTeX Info: Redefining \dots on input line 498.
LaTeX Info: Redefining \cdots on input line 619.
\Mathstrutbox@=\box54
\strutbox@=\box55
LaTeX Info: Redefining \big on input line 721.
LaTeX Info: Redefining \Big on input line 722.
LaTeX Info: Redefining \bigg on input line 723.
LaTeX Info: Redefining \Bigg on input line 724.
\big@size=\dimen161
LaTeX Font Info:    Redeclaring font encoding OML on input line 742.
LaTeX Font Info:    Redeclaring font encoding OMS on input line 743.
\macc@depth=\count291
LaTeX Info: Redefining \bmod on input line 904.
LaTeX Info: Redefining \pmod on input line 909.
LaTeX Info: Redefining \smash on input line 939.
LaTeX Info: Redefining \relbar on input line 969.
LaTeX Info: Redefining \Relbar on input line 970.
\c@MaxMatrixCols=\count292
\dotsspace@=\muskip17
\c@parentequation=\count293
\dspbrk@lvl=\count294
\tag@help=\toks19
\row@=\count295
\column@=\count296
\maxfields@=\count297
\andhelp@=\toks20
\eqnshift@=\dimen162
\alignsep@=\dimen163
\tagshift@=\dimen164
\tagwidth@=\dimen165
\totwidth@=\dimen166
\lineht@=\dimen167
\@envbody=\toks21
\multlinegap=\skip52
\multlinetaggap=\skip53
\mathdisplay@stack=\toks22
LaTeX Info: Redefining \[ on input line 2950.
LaTeX Info: Redefining \] on input line 2951.
)
(C:\Users\Owner\AppData\Local\Programs\MiKTeX\tex/latex/graphics\graphicx.sty
Package: graphicx 2024/12/31 v1.2e Enhanced LaTeX Graphics (DPC,SPQR)

(C:\Users\Owner\AppData\Local\Programs\MiKTeX\tex/latex/graphics\keyval.sty
Package: keyval 2022/05/29 v1.15 key=value parser (DPC)
\KV@toks@=\toks23
)
(C:\Users\Owner\AppData\Local\Programs\MiKTeX\tex/latex/graphics\graphics.sty
Package: graphics 2024/08/06 v1.4g Standard LaTeX Graphics (DPC,SPQR)

(C:\Users\Owner\AppData\Local\Programs\MiKTeX\tex/latex/graphics\trig.sty
Package: trig 2023/12/02 v1.11 sin cos tan (DPC)
)
(C:\Users\Owner\AppData\Local\Programs\MiKTeX\tex/latex/graphics-cfg\graphics.c
fg
File: graphics.cfg 2016/06/04 v1.11 sample graphics configuration
)
Package graphics Info: Driver file: pdftex.def on input line 106.

(C:\Users\Owner\AppData\Local\Programs\MiKTeX\tex/latex/graphics-def\pdftex.def
File: pdftex.def 2025/09/29 v1.2d Graphics/color driver for pdftex
))
\Gin@req@height=\dimen168
\Gin@req@width=\dimen169
))
(C:\Users\Owner\AppData\Local\Programs\MiKTeX\tex/latex/mathtools\mathtools.sty
Package: mathtools 2024/10/04 v1.31 mathematical typesetting tools
(C:\Users\Owner\AppData\Local\Programs\MiKTeX\tex/latex/tools\calc.sty
Package: calc 2025/03/01 v4.3b Infix arithmetic (KKT,FJ)
\calc@Acount=\count298
\calc@Bcount=\count299
\calc@Adimen=\dimen170
\calc@Bdimen=\dimen171
\calc@Askip=\skip54
\calc@Bskip=\skip55
LaTeX Info: Redefining \setlength on input line 86.
LaTeX Info: Redefining \addtolength on input line 87.
\calc@Ccount=\count300
\calc@Cskip=\skip56
)
(C:\Users\Owner\AppData\Local\Programs\MiKTeX\tex/latex/mathtools\mhsetup.sty
Package: mhsetup 2021/03/18 v1.4 programming setup (MH)
)
\g_MT_multlinerow_int=\count301
\l_MT_multwidth_dim=\dimen172
\origjot=\skip57
\l_MT_shortvdotswithinadjustabove_dim=\dimen173
\l_MT_shortvdotswithinadjustbelow_dim=\dimen174
\l_MT_above_intertext_sep=\dimen175
\l_MT_below_intertext_sep=\dimen176
\l_MT_above_shortintertext_sep=\dimen177
\l_MT_below_shortintertext_sep=\dimen178
\xmathstrut@box=\box56
\xmathstrut@dim=\dimen179
) (C:\Users\Owner\AppData\Local\Programs\MiKTeX\tex/latex/tools\enumerate.sty
Package: enumerate 2023/07/04 v3.00 enumerate extensions (DPC)
\@enLab=\toks24
)
(C:\Users\Owner\AppData\Local\Programs\MiKTeX\tex/latex/xcolor\xcolor.sty
Package: xcolor 2024/09/29 v3.02 LaTeX color extensions (UK)

(C:\Users\Owner\AppData\Local\Programs\MiKTeX\tex/latex/graphics-cfg\color.cfg
File: color.cfg 2016/01/02 v1.6 sample color configuration
)
Package xcolor Info: Driver file: pdftex.def on input line 274.
(C:\Users\Owner\AppData\Local\Programs\MiKTeX\tex/latex/graphics\mathcolor.ltx)
Package xcolor Info: Model `cmy' substituted by `cmy0' on input line 1349.
Package xcolor Info: Model `hsb' substituted by `rgb' on input line 1353.
Package xcolor Info: Model `RGB' extended on input line 1365.
Package xcolor Info: Model `HTML' substituted by `rgb' on input line 1367.
Package xcolor Info: Model `Hsb' substituted by `hsb' on input line 1368.
Package xcolor Info: Model `tHsb' substituted by `hsb' on input line 1369.
Package xcolor Info: Model `HSB' substituted by `hsb' on input line 1370.
Package xcolor Info: Model `Gray' substituted by `gray' on input line 1371.
Package xcolor Info: Model `wave' substituted by `hsb' on input line 1372.
) (C:\Users\Owner\AppData\Local\Programs\MiKTeX\tex/latex/xurl\xurl.sty
Package: xurl 2022/01/09 v 0.10 modify URL breaks

(C:\Users\Owner\AppData\Local\Programs\MiKTeX\tex/latex/url\url.sty
\Urlmuskip=\muskip18
Package: url 2013/09/16  ver 3.4  Verb mode for urls, etc.
))
(C:\Users\Owner\AppData\Local\Programs\MiKTeX\tex/latex/hyperref\hyperref.sty
Package: hyperref 2026-01-29 v7.01p Hypertext links for LaTeX

(C:\Users\Owner\AppData\Local\Programs\MiKTeX\tex/generic/iftex\iftex.sty
Package: iftex 2024/12/12 v1.0g TeX engine tests
)
(C:\Users\Owner\AppData\Local\Programs\MiKTeX\tex/latex/kvsetkeys\kvsetkeys.sty
Package: kvsetkeys 2022-10-05 v1.19 Key value parser (HO)
)
(C:\Users\Owner\AppData\Local\Programs\MiKTeX\tex/generic/kvdefinekeys\kvdefine
keys.sty
Package: kvdefinekeys 2019-12-19 v1.6 Define keys (HO)
)
(C:\Users\Owner\AppData\Local\Programs\MiKTeX\tex/generic/pdfescape\pdfescape.s
ty
Package: pdfescape 2019/12/09 v1.15 Implements pdfTeX's escape features (HO)

(C:\Users\Owner\AppData\Local\Programs\MiKTeX\tex/generic/ltxcmds\ltxcmds.sty
Package: ltxcmds 2023-12-04 v1.26 LaTeX kernel commands for general use (HO)
)
(C:\Users\Owner\AppData\Local\Programs\MiKTeX\tex/generic/pdftexcmds\pdftexcmds
.sty
Package: pdftexcmds 2020-06-27 v0.33 Utility functions of pdfTeX for LuaTeX (HO
)

(C:\Users\Owner\AppData\Local\Programs\MiKTeX\tex/generic/infwarerr\infwarerr.s
ty
Package: infwarerr 2019/12/03 v1.5 Providing info/warning/error messages (HO)
)
Package pdftexcmds Info: \pdf@primitive is available.
Package pdftexcmds Info: \pdf@ifprimitive is available.
Package pdftexcmds Info: \pdfdraftmode found.
))
(C:\Users\Owner\AppData\Local\Programs\MiKTeX\tex/latex/hycolor\hycolor.sty
Package: hycolor 2020-01-27 v1.10 Color options for hyperref/bookmark (HO)
)
(C:\Users\Owner\AppData\Local\Programs\MiKTeX\tex/latex/hyperref\nameref.sty
Package: nameref 2026-01-29 v2.58 Cross-referencing by name of section

(C:\Users\Owner\AppData\Local\Programs\MiKTeX\tex/latex/refcount\refcount.sty
Package: refcount 2019/12/15 v3.6 Data extraction from label references (HO)
)
(C:\Users\Owner\AppData\Local\Programs\MiKTeX\tex/generic/gettitlestring\gettit
lestring.sty
Package: gettitlestring 2019/12/15 v1.6 Cleanup title references (HO)

(C:\Users\Owner\AppData\Local\Programs\MiKTeX\tex/latex/kvoptions\kvoptions.sty
Package: kvoptions 2022-06-15 v3.15 Key value format for package options (HO)
))
\c@section@level=\count302
)
(C:\Users\Owner\AppData\Local\Programs\MiKTeX\tex/latex/etoolbox\etoolbox.sty
Package: etoolbox 2025/10/02 v2.5m e-TeX tools for LaTeX (JAW)
\etb@tempcnta=\count303
)
(C:\Users\Owner\AppData\Local\Programs\MiKTeX\tex/generic/stringenc\stringenc.s
ty
Package: stringenc 2019/11/29 v1.12 Convert strings between diff. encodings (HO
)
)
\@linkdim=\dimen180
\Hy@linkcounter=\count304
\Hy@pagecounter=\count305
 (C:\Users\Owner\AppData\Local\Programs\MiKTeX\tex/latex/hyperref\pd1enc.def
File: pd1enc.def 2026-01-29 v7.01p Hyperref: PDFDocEncoding definition (HO)
Now handling font encoding PD1 ...
... no UTF-8 mapping file for font encoding PD1
) (C:\Users\Owner\AppData\Local\Programs\MiKTeX\tex/generic/intcalc\intcalc.sty
Package: intcalc 2019/12/15 v1.3 Expandable calculations with integers (HO)
)
\Hy@SavedSpaceFactor=\count306
 (C:\Users\Owner\AppData\Local\Programs\MiKTeX\tex/latex/hyperref\puenc.def
File: puenc.def 2026-01-29 v7.01p Hyperref: PDF Unicode definition (HO)
Now handling font encoding PU ...
... no UTF-8 mapping file for font encoding PU
)
Package hyperref Info: Option `verbose' set `true' on input line 4072.
Package hyperref Info: Option `hypertexnames' set `false' on input line 4072.
Package hyperref Info: Hyper figures OFF on input line 4201.
Package hyperref Info: Link nesting OFF on input line 4206.
Package hyperref Info: Hyper index ON on input line 4209.
Package hyperref Info: Plain pages OFF on input line 4216.
Package hyperref Info: Backreferencing OFF on input line 4221.
Package hyperref Info: Implicit mode ON; LaTeX internals redefined.
Package hyperref Info: Bookmarks ON on input line 4468.
\c@Hy@tempcnt=\count307
LaTeX Info: Redefining \url on input line 4807.
\XeTeXLinkMargin=\dimen181

(C:\Users\Owner\AppData\Local\Programs\MiKTeX\tex/generic/bitset\bitset.sty
Package: bitset 2019/12/09 v1.3 Handle bit-vector datatype (HO)

(C:\Users\Owner\AppData\Local\Programs\MiKTeX\tex/generic/bigintcalc\bigintcalc
.sty
Package: bigintcalc 2019/12/15 v1.5 Expandable calculations on big integers (HO
)
))
\Fld@menulength=\count308
\Field@Width=\dimen182
\Fld@charsize=\dimen183
Package hyperref Info: Hyper figures OFF on input line 6084.
Package hyperref Info: Link nesting OFF on input line 6089.
Package hyperref Info: Hyper index ON on input line 6092.
Package hyperref Info: backreferencing OFF on input line 6099.
Package hyperref Info: Link coloring OFF on input line 6104.
Package hyperref Info: Link coloring with OCG OFF on input line 6109.
Package hyperref Info: PDF/A mode OFF on input line 6114.
\Hy@abspage=\count309
\c@Item=\count310
\c@Hfootnote=\count311
)
Package hyperref Info: Driver (autodetected): hpdftex.

(C:\Users\Owner\AppData\Local\Programs\MiKTeX\tex/latex/hyperref\hpdftex.def
File: hpdftex.def 2026-01-29 v7.01p Hyperref driver for pdfTeX
\Fld@listcount=\count312
\c@bookmark@seq@number=\count313

(C:\Users\Owner\AppData\Local\Programs\MiKTeX\tex/latex/rerunfilecheck\rerunfil
echeck.sty
Package: rerunfilecheck 2025-06-21 v1.11 Rerun checks for auxiliary files (HO)

(C:\Users\Owner\AppData\Local\Programs\MiKTeX\tex/generic/uniquecounter\uniquec
ounter.sty
Package: uniquecounter 2019/12/15 v1.4 Provide unlimited unique counter (HO)
)
Package uniquecounter Info: New unique counter `rerunfilecheck' on input line 2
84.
)
\Hy@SectionHShift=\skip58
)
Package hyperref Info: Option `colorlinks' set `false' on input line 12.

(C:\Users\Owner\AppData\Local\Programs\MiKTeX\tex/latex/l3backend\l3backend-pdf
tex.def
File: l3backend-pdftex.def 2025-10-09 L3 backend support: PDF output (pdfTeX)
\l__color_backend_stack_int=\count314
) (primitive_dyck_tkuriyama_IJFCS_submission.aux)
\openout1 = `primitive_dyck_tkuriyama_IJFCS_submission.aux'.

LaTeX Font Info:    Checking defaults for OML/cmm/m/it on input line 20.
LaTeX Font Info:    ... okay on input line 20.
LaTeX Font Info:    Checking defaults for OMS/cmsy/m/n on input line 20.
LaTeX Font Info:    ... okay on input line 20.
LaTeX Font Info:    Checking defaults for OT1/cmr/m/n on input line 20.
LaTeX Font Info:    ... okay on input line 20.
LaTeX Font Info:    Checking defaults for T1/cmr/m/n on input line 20.
LaTeX Font Info:    ... okay on input line 20.
LaTeX Font Info:    Checking defaults for TS1/cmr/m/n on input line 20.
LaTeX Font Info:    ... okay on input line 20.
LaTeX Font Info:    Checking defaults for OMX/cmex/m/n on input line 20.
LaTeX Font Info:    ... okay on input line 20.
LaTeX Font Info:    Checking defaults for U/cmr/m/n on input line 20.
LaTeX Font Info:    ... okay on input line 20.
LaTeX Font Info:    Checking defaults for PD1/pdf/m/n on input line 20.
LaTeX Font Info:    ... okay on input line 20.
LaTeX Font Info:    Checking defaults for PU/pdf/m/n on input line 20.
LaTeX Font Info:    ... okay on input line 20.

(C:\Users\Owner\AppData\Local\Programs\MiKTeX\tex/context/base/mkii\supp-pdf.mk
ii
[Loading MPS to PDF converter (version 2006.09.02).]
\scratchcounter=\count315
\scratchdimen=\dimen184
\scratchbox=\box57
\nofMPsegments=\count316
\nofMParguments=\count317
\everyMPshowfont=\toks25
\MPscratchCnt=\count318
\MPscratchDim=\dimen185
\MPnumerator=\count319
\makeMPintoPDFobject=\count320
\everyMPtoPDFconversion=\toks26
)
(C:\Users\Owner\AppData\Local\Programs\MiKTeX\tex/latex/epstopdf-pkg\epstopdf-b
ase.sty
Package: epstopdf-base 2020-01-24 v2.11 Base part for package epstopdf
Package epstopdf-base Info: Redefining graphics rule for `.eps' on input line 4
85.

(C:\Users\Owner\AppData\Local\Programs\MiKTeX\tex/latex/00miktex\epstopdf-sys.c
fg
File: epstopdf-sys.cfg 2021/03/18 v2.0 Configuration of epstopdf for MiKTeX
))

Package hyperref Warning: Height of page (\paperheight) is invalid (0.0pt),
(hyperref)                using 11in.

Package hyperref Info: Link coloring OFF on input line 20.
(primitive_dyck_tkuriyama_IJFCS_submission.out)
(primitive_dyck_tkuriyama_IJFCS_submission.out)
\@outlinefile=\write3
\openout3 = `primitive_dyck_tkuriyama_IJFCS_submission.out'.

Package hyperref Info: Anchor `Doc-Start' on input line 20.
LaTeX Font Info:    Trying to load font information for U+msa on input line 39.


(C:\Users\Owner\AppData\Local\Programs\MiKTeX\tex/latex/amsfonts\umsa.fd
File: umsa.fd 2013/01/14 v3.01 AMS symbols A
)
LaTeX Font Info:    Trying to load font information for U+msb on input line 39.


(C:\Users\Owner\AppData\Local\Programs\MiKTeX\tex/latex/amsfonts\umsb.fd
File: umsb.fd 2013/01/14 v3.01 AMS symbols B
)
Package hyperref Info: Anchor `section.1' on input line 69.
Package hyperref Info: bookmark on input line 69:
(hyperref)             thecounter {1}
(hyperref)             text {\ifnum 1>\c@secnumdepth \else \protect \numberline
 {\csname thesection\endcsname }\fi Introduction}
(hyperref)             reference {section.1}
(hyperref)             toclevel {1}
(hyperref)             type {toc}.
Package hyperref Info: Reference (cite) `cite.BHS' on input line 78.
Package hyperref Info: Reference (cite) `cite.RSS' on input line 79.
Package hyperref Info: Reference (cite) `cite.MNRS' on input line 79.
Package hyperref Info: Reference (cite) `cite.BLS' on input line 83.
Package hyperref Info: Reference (cite) `cite.Nederhof' on input line 87.
Package hyperref Info: Reference (cite) `cite.MohriNederhof' on input line 87.
Package hyperref Info: Anchor `page.1' on input line 88.

[1{C:/Users/Owner/AppData/Local/MiKTeX/fonts/map/pdftex/pdftex.map}

Package `hyperref' Info: End of reference (cite) `cite.BHS', line 78.
Package `hyperref' Info: End of reference (cite) `cite.RSS', line 79.
Package `hyperref' Info: End of reference (cite) `cite.MNRS', line 79.
]
Package hyperref Info: Reference (cite) `cite.RigoNumeration' on input line 90.

Package hyperref Info: Reference (cite) `cite.CLGR' on input line 92.
Package hyperref Info: Reference (cite) `cite.DeutschShapiro' on input line 96.

Package hyperref Info: Anchor `Item.2' on input line 142.
Package hyperref Info: Anchor `page.2' on input line 145.
 [2
Package `hyperref' Info: End of reference (cite) `cite.BLS', line 83.
Package `hyperref' Info: End of reference (cite) `cite.Nederhof', line 87.
Package `hyperref' Info: End of reference (cite) `cite.MohriNederhof', line 87.

Package `hyperref' Info: End of reference (cite) `cite.RigoNumeration', line 90
.
Package `hyperref' Info: End of reference (cite) `cite.CLGR', line 92.
Package `hyperref' Info: End of reference (cite) `cite.DeutschShapiro', line 96
.
]
Package hyperref Info: Anchor `Item.3' on input line 145.
Package hyperref Info: Anchor `Item.4' on input line 149.
Package hyperref Info: Anchor `Item.5' on input line 153.
Package hyperref Info: Anchor `theorem.1' on input line 164.
Package hyperref Info: Anchor `theorem.2' on input line 180.
Package hyperref Info: Reference (link) `section.6' on input line 194.
Package hyperref Info: Reference (link) `section.9' on input line 195.
Package hyperref Info: Reference (link) `section.19' on input line 196.
Package hyperref Info: Reference (link) `section.38' on input line 198.
Package hyperref Info: Reference (link) `section.42' on input line 199.
Package hyperref Info: Reference (link) `section.45' on input line 201.
Package hyperref Info: Anchor `section.6' on input line 203.
Package hyperref Info: bookmark on input line 203:
(hyperref)             thecounter {2}
(hyperref)             text {\ifnum 1>\c@secnumdepth \else \protect \numberline
 {\csname thesection\endcsname }\fi Languages, values, and additive notation}
(hyperref)             reference {section.6}
(hyperref)             toclevel {1}
(hyperref)             type {toc}.
Package hyperref Info: Anchor `page.3' on input line 212.

[3
Package `hyperref' Info: End of reference (link) `section.6', line 194.
Package `hyperref' Info: End of reference (link) `section.9', line 195.
Package `hyperref' Info: End of reference (link) `section.19', line 196.
Package `hyperref' Info: End of reference (link) `section.38', line 198.
Package `hyperref' Info: End of reference (link) `section.42', line 199.
Package `hyperref' Info: End of reference (link) `section.45', line 201.
]
Package hyperref Info: Anchor `theorem.3' on input line 226.
Package hyperref Info: Reference (link) `theorem.3' on input line 259.
Package hyperref Info: Anchor `equation.7' on input line 260.
Package hyperref Info: Anchor `equation.7' on input line 260.
Package hyperref Info: Anchor `equation.7' on input line 260.
Package hyperref Info: Anchor `equation.7' on input line 260.
Package hyperref Info: Anchor `equation.8' on input line 264.
Package hyperref Info: Anchor `equation.8' on input line 264.
Package hyperref Info: Anchor `equation.8' on input line 264.
Package hyperref Info: Anchor `equation.8' on input line 264.
Package hyperref Info: Anchor `page.4' on input line 266.
 [4
Package `hyperref' Info: End of reference (link) `theorem.3', line 259.
]
Package hyperref Info: Anchor `section.9' on input line 272.
Package hyperref Info: bookmark on input line 272:
(hyperref)             thecounter {3}
(hyperref)             text {\ifnum 1>\c@secnumdepth \else \protect \numberline
 {\csname thesection\endcsname }\fi Two-coloured Motzkin block coding}
(hyperref)             reference {section.9}
(hyperref)             toclevel {1}
(hyperref)             type {toc}.
Package hyperref Info: Reference (cite) `cite.DeutschShapiro' on input line 276
.
Package hyperref Info: Anchor `theorem.4' on input line 307.
Package hyperref Info: Anchor `equation.10' on input line 309.
Package hyperref Info: Anchor `equation.10' on input line 309.
Package hyperref Info: Anchor `equation.10' on input line 309.
Package hyperref Info: Anchor `equation.10' on input line 309.
Package hyperref Info: Anchor `equation.11' on input line 322.
Package hyperref Info: Anchor `equation.11' on input line 322.
Package hyperref Info: Anchor `equation.11' on input line 322.
Package hyperref Info: Anchor `equation.11' on input line 322.
Package hyperref Info: Reference (link) `equation.11' on input line 331.
Package hyperref Info: Anchor `page.5' on input line 335.
 [5
Package `hyperref' Info: End of reference (cite) `cite.DeutschShapiro', line 27
6.
]
Package hyperref Info: Anchor `theorem.5' on input line 362.
Package hyperref Info: Anchor `equation.12' on input line 365.
Package hyperref Info: Anchor `equation.12' on input line 365.
Package hyperref Info: Anchor `equation.12' on input line 365.
Package hyperref Info: Anchor `equation.12' on input line 365.
Package hyperref Info: Reference (link) `theorem.4' on input line 373.
Package hyperref Info: Anchor `theorem.6' on input line 378.
Package hyperref Info: Reference (link) `theorem.5' on input line 383.
Package hyperref Info: Reference (link) `theorem.5' on input line 398.
Package hyperref Info: Anchor `page.6' on input line 399.
 [6
Package `hyperref' Info: End of reference (link) `equation.11', line 331.
Package `hyperref' Info: End of reference (link) `theorem.4', line 373.
Package `hyperref' Info: End of reference (link) `theorem.5', line 383.
]
Package hyperref Info: Anchor `theorem.7' on input line 403.
Package hyperref Info: Anchor `equation.13' on input line 405.
Package hyperref Info: Anchor `equation.13' on input line 405.
Package hyperref Info: Anchor `equation.13' on input line 405.
Package hyperref Info: Anchor `equation.13' on input line 405.
Package hyperref Info: Anchor `page.7' on input line 465.
 [7
Package `hyperref' Info: End of reference (link) `theorem.5', line 398.
]
Package hyperref Info: Reference (link) `theorem.5' on input line 508.
Package hyperref Info: Anchor `equation.14' on input line 514.
Package hyperref Info: Anchor `equation.14' on input line 514.
Package hyperref Info: Anchor `equation.14' on input line 514.
Package hyperref Info: Anchor `equation.14' on input line 514.
Package hyperref Info: Reference (link) `theorem.7' on input line 517.
Package hyperref Info: Anchor `theorem.8' on input line 519.
Package hyperref Info: Anchor `equation.15' on input line 521.
Package hyperref Info: Anchor `equation.15' on input line 521.
Package hyperref Info: Anchor `equation.15' on input line 521.
Package hyperref Info: Anchor `equation.15' on input line 521.
Package hyperref Info: Anchor `Item.16' on input line 530.
Package hyperref Info: Anchor `Item.17' on input line 531.
Package hyperref Info: Anchor `equation.18' on input line 532.
Package hyperref Info: Anchor `equation.18' on input line 532.
Package hyperref Info: Anchor `equation.18' on input line 532.
Package hyperref Info: Anchor `equation.18' on input line 532.
Package hyperref Info: Anchor `page.8' on input line 534.
 [8
Package `hyperref' Info: End of reference (link) `theorem.5', line 508.
Package `hyperref' Info: End of reference (link) `theorem.7', line 517.
]
Package hyperref Info: Reference (link) `equation.13' on input line 540.
Package hyperref Info: Reference (link) `equation.14' on input line 546.
Package hyperref Info: Reference (link) `equation.15' on input line 547.
Package hyperref Info: Anchor `section.19' on input line 558.
Package hyperref Info: bookmark on input line 558:
(hyperref)             thecounter {4}
(hyperref)             text {\ifnum 1>\c@secnumdepth \else \protect \numberline
 {\csname thesection\endcsname }\fi Regular underapproximation, digit lifting, 
and finite certificates}
(hyperref)             reference {section.19}
(hyperref)             toclevel {1}
(hyperref)             type {toc}.
Package hyperref Info: Anchor `theorem.9' on input line 564.
Package hyperref Info: Anchor `equation.20' on input line 567.
Package hyperref Info: Anchor `equation.20' on input line 567.
Package hyperref Info: Anchor `equation.20' on input line 567.
Package hyperref Info: Anchor `equation.20' on input line 567.
Package hyperref Info: Anchor `equation.21' on input line 571.
Package hyperref Info: Anchor `equation.21' on input line 571.
Package hyperref Info: Anchor `equation.21' on input line 571.
Package hyperref Info: Anchor `equation.21' on input line 571.
Package hyperref Info: Reference (link) `equation.20' on input line 582.
Package hyperref Info: Anchor `theorem.10' on input line 589.
Package hyperref Info: Anchor `equation.22' on input line 591.
Package hyperref Info: Anchor `equation.22' on input line 591.
Package hyperref Info: Anchor `equation.22' on input line 591.
Package hyperref Info: Anchor `equation.22' on input line 591.
Package hyperref Info: Anchor `equation.23' on input line 595.
Package hyperref Info: Anchor `equation.23' on input line 595.
Package hyperref Info: Anchor `equation.23' on input line 595.
Package hyperref Info: Anchor `equation.23' on input line 595.
Package hyperref Info: Reference (link) `theorem.9' on input line 601.
Package hyperref Info: Anchor `theorem.11' on input line 605.
Package hyperref Info: Reference (link) `equation.22' on input line 608.
Package hyperref Info: Anchor `equation.24' on input line 609.
Package hyperref Info: Anchor `equation.24' on input line 609.
Package hyperref Info: Anchor `equation.24' on input line 609.
Package hyperref Info: Anchor `equation.24' on input line 609.
Package hyperref Info: Anchor `page.9' on input line 621.
 [9
Package `hyperref' Info: End of reference (link) `equation.13', line 540.
Package `hyperref' Info: End of reference (link) `equation.14', line 546.
Package `hyperref' Info: End of reference (link) `equation.15', line 547.
Package `hyperref' Info: End of reference (link) `equation.20', line 582.
Package `hyperref' Info: End of reference (link) `theorem.9', line 601.
]
Package hyperref Info: Reference (link) `theorem.10' on input line 631.
Package hyperref Info: Anchor `theorem.12' on input line 637.
Package hyperref Info: Reference (link) `theorem.11' on input line 639.
Package hyperref Info: Reference (link) `theorem.11' on input line 653.
Package hyperref Info: Reference (link) `equation.22' on input line 662.
Package hyperref Info: Anchor `subsection.25' on input line 668.
Package hyperref Info: bookmark on input line 668:
(hyperref)             thecounter {4.1}
(hyperref)             text {\ifnum 2>\c@secnumdepth \else \protect \numberline
 {\csname thesubsection\endcsname }\fi A regular underapproximation for multipl
es of four}
(hyperref)             reference {subsection.25}
(hyperref)             toclevel {2}
(hyperref)             type {toc}.
Package hyperref Info: Reference (link) `theorem.4' on input line 674.
Package hyperref Info: Anchor `page.10' on input line 679.
 [10
Package `hyperref' Info: End of reference (link) `equation.22', line 608.
Package `hyperref' Info: End of reference (link) `theorem.10', line 631.
Package `hyperref' Info: End of reference (link) `theorem.11', line 639.
Package `hyperref' Info: End of reference (link) `theorem.11', line 653.
Package `hyperref' Info: End of reference (link) `equation.22', line 662.
]
Package hyperref Info: Reference (link) `theorem.5' on input line 690.
Package hyperref Info: Reference (link) `equation.8' on input line 694.
Package hyperref Info: Anchor `equation.26' on input line 695.
Package hyperref Info: Anchor `equation.26' on input line 695.
Package hyperref Info: Anchor `equation.26' on input line 695.
Package hyperref Info: Anchor `equation.26' on input line 695.
Package hyperref Info: Anchor `equation.27' on input line 711.
Package hyperref Info: Anchor `equation.27' on input line 711.
Package hyperref Info: Anchor `equation.27' on input line 711.
Package hyperref Info: Anchor `equation.27' on input line 711.
Package hyperref Info: Anchor `theorem.13' on input line 717.
Package hyperref Info: Anchor `equation.28' on input line 730.
Package hyperref Info: Anchor `equation.28' on input line 730.
Package hyperref Info: Anchor `equation.28' on input line 730.
Package hyperref Info: Anchor `equation.28' on input line 730.
Package hyperref Info: Anchor `equation.29' on input line 741.
Package hyperref Info: Anchor `equation.29' on input line 741.
Package hyperref Info: Anchor `equation.29' on input line 741.
Package hyperref Info: Anchor `equation.29' on input line 741.
Package hyperref Info: Anchor `page.11' on input line 750.
 [11
Package `hyperref' Info: End of reference (link) `theorem.4', line 674.
Package `hyperref' Info: End of reference (link) `theorem.5', line 690.
Package `hyperref' Info: End of reference (link) `equation.8', line 694.
]
Package hyperref Info: Anchor `theorem.14' on input line 764.
Package hyperref Info: Reference (link) `equation.28' on input line 769.
Package hyperref Info: Reference (link) `equation.29' on input line 773.
Package hyperref Info: Anchor `equation.30' on input line 780.
Package hyperref Info: Anchor `equation.30' on input line 780.
Package hyperref Info: Anchor `equation.30' on input line 780.
Package hyperref Info: Anchor `equation.30' on input line 780.
Package hyperref Info: Reference (link) `theorem.11' on input line 784.
Package hyperref Info: Reference (link) `equation.22' on input line 787.
Package hyperref Info: Reference (link) `equation.22' on input line 789.
Package hyperref Info: Reference (link) `equation.27' on input line 789.
Package hyperref Info: Reference (link) `theorem.11' on input line 798.
Package hyperref Info: Reference (link) `theorem.14' on input line 812.
Package hyperref Info: Reference (link) `equation.26' on input line 812.
Package hyperref Info: Anchor `page.12' on input line 816.
 [12
Package `hyperref' Info: End of reference (link) `equation.28', line 769.
Package `hyperref' Info: End of reference (link) `equation.29', line 773.
Package `hyperref' Info: End of reference (link) `theorem.11', line 784.
Package `hyperref' Info: End of reference (link) `equation.22', line 787.
Package `hyperref' Info: End of reference (link) `equation.22', line 789.
Package `hyperref' Info: End of reference (link) `equation.27', line 789.
Package `hyperref' Info: End of reference (link) `theorem.11', line 798.
]
Package hyperref Info: Anchor `subsection.31' on input line 816.
Package hyperref Info: bookmark on input line 816:
(hyperref)             thecounter {4.2}
(hyperref)             text {\ifnum 2>\c@secnumdepth \else \protect \numberline
 {\csname thesubsection\endcsname }\fi Five-summand covering by the full contex
t-free family}
(hyperref)             reference {subsection.31}
(hyperref)             toclevel {2}
(hyperref)             type {toc}.
Package hyperref Info: Anchor `page.13' on input line 879.
 [13
Package `hyperref' Info: End of reference (link) `theorem.14', line 812.
Package `hyperref' Info: End of reference (link) `equation.26', line 812.
]
Package hyperref Info: Reference (link) `theorem.5' on input line 882.
Package hyperref Info: Anchor `equation.32' on input line 884.
Package hyperref Info: Anchor `equation.32' on input line 884.
Package hyperref Info: Anchor `equation.32' on input line 884.
Package hyperref Info: Anchor `equation.32' on input line 884.
Package hyperref Info: Anchor `page.14' on input line 936.
 [14
Package `hyperref' Info: End of reference (link) `theorem.5', line 882.
]
Package hyperref Info: Anchor `equation.33' on input line 940.
Package hyperref Info: Anchor `equation.33' on input line 940.
Package hyperref Info: Anchor `equation.33' on input line 940.
Package hyperref Info: Anchor `equation.33' on input line 940.
Package hyperref Info: Reference (link) `theorem.8' on input line 950.
Package hyperref Info: Anchor `equation.34' on input line 966.
Package hyperref Info: Anchor `equation.34' on input line 966.
Package hyperref Info: Anchor `equation.34' on input line 966.
Package hyperref Info: Anchor `equation.34' on input line 966.
Package hyperref Info: Anchor `theorem.15' on input line 970.
Package hyperref Info: Anchor `equation.35' on input line 972.
Package hyperref Info: Anchor `equation.35' on input line 972.
Package hyperref Info: Anchor `equation.35' on input line 972.
Package hyperref Info: Anchor `equation.35' on input line 972.
Package hyperref Info: Anchor `equation.36' on input line 983.
Package hyperref Info: Anchor `equation.36' on input line 983.
Package hyperref Info: Anchor `equation.36' on input line 983.
Package hyperref Info: Anchor `equation.36' on input line 983.
Package hyperref Info: Reference (link) `equation.35' on input line 989.
Package hyperref Info: Reference (link) `equation.36' on input line 990.
Package hyperref Info: Reference (link) `theorem.13' on input line 993.
Package hyperref Info: Reference (link) `theorem.15' on input line 997.
Package hyperref Info: Anchor `equation.37' on input line 998.
Package hyperref Info: Anchor `equation.37' on input line 998.
Package hyperref Info: Anchor `equation.37' on input line 998.
Package hyperref Info: Anchor `equation.37' on input line 998.
Package hyperref Info: Anchor `theorem.16' on input line 1002.
Package hyperref Info: Anchor `page.15' on input line 1007.
 [15
Package `hyperref' Info: End of reference (link) `theorem.8', line 950.
Package `hyperref' Info: End of reference (link) `equation.35', line 989.
Package `hyperref' Info: End of reference (link) `equation.36', line 990.
Package `hyperref' Info: End of reference (link) `theorem.13', line 993.
Package `hyperref' Info: End of reference (link) `theorem.15', line 997.
]
Package hyperref Info: Reference (link) `theorem.6' on input line 1013.
Package hyperref Info: Reference (link) `equation.37' on input line 1017.
Package hyperref Info: Reference (link) `theorem.11' on input line 1025.
Package hyperref Info: Reference (link) `equation.34' on input line 1039.
Package hyperref Info: Reference (link) `equation.36' on input line 1039.
Package hyperref Info: Anchor `section.38' on input line 1044.
Package hyperref Info: bookmark on input line 1044:
(hyperref)             thecounter {5}
(hyperref)             text {\ifnum 1>\c@secnumdepth \else \protect \numberline
 {\csname thesection\endcsname }\fi Exact additive representation results}
(hyperref)             reference {section.38}
(hyperref)             toclevel {1}
(hyperref)             type {toc}.
Package hyperref Info: Anchor `theorem.17' on input line 1048.
Package hyperref Info: Anchor `page.16' on input line 1077.
 [16
Package `hyperref' Info: End of reference (link) `theorem.6', line 1013.
Package `hyperref' Info: End of reference (link) `equation.37', line 1017.
Package `hyperref' Info: End of reference (link) `theorem.11', line 1025.
Package `hyperref' Info: End of reference (link) `equation.34', line 1039.
Package `hyperref' Info: End of reference (link) `equation.36', line 1039.
]
Package hyperref Info: Anchor `theorem.18' on input line 1081.
Package hyperref Info: Anchor `equation.39' on input line 1085.
Package hyperref Info: Anchor `equation.39' on input line 1085.
Package hyperref Info: Anchor `equation.39' on input line 1085.
Package hyperref Info: Anchor `equation.39' on input line 1085.
Package hyperref Info: Reference (link) `theorem.3' on input line 1097.
Package hyperref Info: Reference (link) `equation.39' on input line 1109.
Package hyperref Info: Anchor `theorem.19' on input line 1113.
Package hyperref Info: Anchor `equation.40' on input line 1116.
Package hyperref Info: Anchor `equation.40' on input line 1116.
Package hyperref Info: Anchor `equation.40' on input line 1116.
Package hyperref Info: Anchor `equation.40' on input line 1116.
Package hyperref Info: Reference (link) `theorem.18' on input line 1124.
Package hyperref Info: Anchor `theorem.20' on input line 1128.
Package hyperref Info: Anchor `page.17' on input line 1147.
 [17
Package `hyperref' Info: End of reference (link) `theorem.3', line 1097.
Package `hyperref' Info: End of reference (link) `equation.39', line 1109.
Package `hyperref' Info: End of reference (link) `theorem.18', line 1124.
]
Package hyperref Info: Anchor `theorem.21' on input line 1149.
Package hyperref Info: Reference (link) `equation.32' on input line 1150.
Package hyperref Info: Anchor `equation.41' on input line 1151.
Package hyperref Info: Anchor `equation.41' on input line 1151.
Package hyperref Info: Anchor `equation.41' on input line 1151.
Package hyperref Info: Anchor `equation.41' on input line 1151.
Package hyperref Info: Reference (link) `equation.41' on input line 1164.
Package hyperref Info: Reference (link) `theorem.1' on input line 1168.
Package hyperref Info: Reference (link) `theorem.14' on input line 1170.
Package hyperref Info: Reference (link) `equation.26' on input line 1170.
Package hyperref Info: Reference (link) `theorem.20' on input line 1172.
Package hyperref Info: Reference (link) `theorem.16' on input line 1176.
Package hyperref Info: Reference (link) `theorem.19' on input line 1177.
Package hyperref Info: Reference (link) `equation.34' on input line 1184.
Package hyperref Info: Reference (link) `theorem.21' on input line 1184.
Package hyperref Info: Reference (link) `theorem.19' on input line 1185.
Package hyperref Info: Reference (link) `theorem.17' on input line 1208.
Package hyperref Info: Anchor `page.18' on input line 1210.
 [18
Package `hyperref' Info: End of reference (link) `equation.32', line 1150.
Package `hyperref' Info: End of reference (link) `equation.41', line 1164.
Package `hyperref' Info: End of reference (link) `theorem.1', line 1168.
Package `hyperref' Info: End of reference (link) `theorem.14', line 1170.
Package `hyperref' Info: End of reference (link) `equation.26', line 1170.
Package `hyperref' Info: End of reference (link) `theorem.20', line 1172.
Package `hyperref' Info: End of reference (link) `theorem.16', line 1176.
Package `hyperref' Info: End of reference (link) `theorem.19', line 1177.
Package `hyperref' Info: End of reference (link) `equation.34', line 1184.
Package `hyperref' Info: End of reference (link) `theorem.21', line 1184.
Package `hyperref' Info: End of reference (link) `theorem.19', line 1185.
]
Package hyperref Info: Anchor `theorem.22' on input line 1212.
Package hyperref Info: Reference (link) `theorem.1' on input line 1218.
Package hyperref Info: Anchor `theorem.23' on input line 1222.
Package hyperref Info: Reference (link) `theorem.1' on input line 1230.
Package hyperref Info: Reference (cite) `cite.Nathanson' on input line 1233.
Package hyperref Info: Reference (link) `theorem.1' on input line 1242.
Package hyperref Info: Reference (link) `theorem.23' on input line 1243.
Package hyperref Info: Reference (link) `theorem.22' on input line 1245.
Package hyperref Info: Anchor `section.42' on input line 1248.
Package hyperref Info: bookmark on input line 1248:
(hyperref)             thecounter {6}
(hyperref)             text {\ifnum 1>\c@secnumdepth \else \protect \numberline
 {\csname thesection\endcsname }\fi Generation gaps and asymptotic optimality}
(hyperref)             reference {section.42}
(hyperref)             toclevel {1}
(hyperref)             type {toc}.
Package hyperref Info: Anchor `theorem.24' on input line 1256.
Package hyperref Info: Anchor `equation.43' on input line 1258.
Package hyperref Info: Anchor `equation.43' on input line 1258.
Package hyperref Info: Anchor `equation.43' on input line 1258.
Package hyperref Info: Anchor `equation.43' on input line 1258.
Package hyperref Info: Reference (link) `theorem.18' on input line 1264.
Package hyperref Info: Anchor `theorem.25' on input line 1275.
Package hyperref Info: Anchor `page.19' on input line 1276.

[19
Package `hyperref' Info: End of reference (link) `theorem.17', line 1208.
Package `hyperref' Info: End of reference (link) `theorem.1', line 1218.
Package `hyperref' Info: End of reference (link) `theorem.1', line 1230.
Package `hyperref' Info: End of reference (cite) `cite.Nathanson', line 1233.
Package `hyperref' Info: End of reference (link) `theorem.1', line 1242.
Package `hyperref' Info: End of reference (link) `theorem.23', line 1243.
Package `hyperref' Info: End of reference (link) `theorem.22', line 1245.
Package `hyperref' Info: End of reference (link) `theorem.18', line 1264.
]
Package hyperref Info: Anchor `equation.44' on input line 1281.
Package hyperref Info: Anchor `equation.44' on input line 1281.
Package hyperref Info: Anchor `equation.44' on input line 1281.
Package hyperref Info: Anchor `equation.44' on input line 1281.
Package hyperref Info: Reference (link) `theorem.8' on input line 1295.
Package hyperref Info: Reference (link) `equation.18' on input line 1332.
Package hyperref Info: Anchor `theorem.26' on input line 1336.
Package hyperref Info: Reference (link) `theorem.16' on input line 1344.
Package hyperref Info: Reference (link) `theorem.25' on input line 1346.
Package hyperref Info: Anchor `theorem.27' on input line 1351.
Package hyperref Info: Anchor `page.20' on input line 1353.
 [20
Package `hyperref' Info: End of reference (link) `theorem.8', line 1295.
Package `hyperref' Info: End of reference (link) `equation.18', line 1332.
]
Package hyperref Info: Reference (link) `theorem.16' on input line 1363.
Package hyperref Info: Reference (link) `theorem.18' on input line 1367.
Package hyperref Info: Reference (link) `theorem.25' on input line 1374.
Package hyperref Info: Reference (link) `theorem.2' on input line 1379.
Package hyperref Info: Reference (link) `theorem.25' on input line 1384.
Package hyperref Info: Reference (link) `theorem.24' on input line 1390.
Package hyperref Info: Reference (link) `theorem.1' on input line 1392.
Package hyperref Info: Reference (link) `theorem.1' on input line 1394.
Package hyperref Info: Anchor `theorem.28' on input line 1398.
Package hyperref Info: Reference (link) `theorem.27' on input line 1400.
Package hyperref Info: Reference (link) `theorem.25' on input line 1404.
Package hyperref Info: Anchor `section.45' on input line 1408.
Package hyperref Info: bookmark on input line 1408:
(hyperref)             thecounter {7}
(hyperref)             text {\ifnum 1>\c@secnumdepth \else \protect \numberline
 {\csname thesection\endcsname }\fi Effective verification and reproducibility}

(hyperref)             reference {section.45}
(hyperref)             toclevel {1}
(hyperref)             type {toc}.
Package hyperref Info: Anchor `page.21' on input line 1426.
 [21
Package `hyperref' Info: End of reference (link) `theorem.16', line 1344.
Package `hyperref' Info: End of reference (link) `theorem.25', line 1346.
Package `hyperref' Info: End of reference (link) `theorem.16', line 1363.
Package `hyperref' Info: End of reference (link) `theorem.18', line 1367.
Package `hyperref' Info: End of reference (link) `theorem.25', line 1374.
Package `hyperref' Info: End of reference (link) `theorem.2', line 1379.
Package `hyperref' Info: End of reference (link) `theorem.25', line 1384.
Package `hyperref' Info: End of reference (link) `theorem.24', line 1390.
Package `hyperref' Info: End of reference (link) `theorem.1', line 1392.
Package `hyperref' Info: End of reference (link) `theorem.1', line 1394.
Package `hyperref' Info: End of reference (link) `theorem.27', line 1400.
Package `hyperref' Info: End of reference (link) `theorem.25', line 1404.
]
Package hyperref Info: Reference (link) `theorem.1' on input line 1435.
Package hyperref Info: Reference (link) `equation.28' on input line 1442.
Package hyperref Info: Reference (link) `equation.29' on input line 1442.
Package hyperref Info: Reference (link) `equation.35' on input line 1443.
Package hyperref Info: Reference (link) `equation.36' on input line 1444.
Package hyperref Info: Reference (link) `equation.41' on input line 1445.
Package hyperref Info: Anchor `section.46' on input line 1455.
Package hyperref Info: bookmark on input line 1455:
(hyperref)             thecounter {8}
(hyperref)             text {\ifnum 1>\c@secnumdepth \else \protect \numberline
 {\csname thesection\endcsname }\fi Conclusion}
(hyperref)             reference {section.46}
(hyperref)             toclevel {1}
(hyperref)             type {toc}.
Package hyperref Info: Anchor `page.22' on input line 1483.
 [22
Package `hyperref' Info: End of reference (link) `theorem.22', line 1245.
Package `hyperref' Info: End of reference (link) `theorem.1', line 1435.
Package `hyperref' Info: End of reference (link) `theorem.1', line 1435.
Package `hyperref' Info: End of reference (link) `equation.28', line 1442.
Package `hyperref' Info: End of reference (link) `equation.29', line 1442.
Package `hyperref' Info: End of reference (link) `equation.35', line 1443.
Package `hyperref' Info: End of reference (link) `equation.36', line 1444.
Package `hyperref' Info: End of reference (link) `equation.41', line 1445.
]
Package hyperref Info: Anchor `section*.47' on input line 1483.
Package hyperref Info: Anchor `cite.BHS' on input line 1485.
Package hyperref Info: Anchor `cite.BLS' on input line 1490.
Package hyperref Info: Anchor `cite.CLGR' on input line 1495.
Package hyperref Info: Anchor `cite.DeutschShapiro' on input line 1500.
Package hyperref Info: Anchor `cite.MNRS' on input line 1506.
Package hyperref Info: Anchor `cite.MohriNederhof' on input line 1513.
Package hyperref Info: Anchor `cite.Nathanson' on input line 1520.
Package hyperref Info: Anchor `cite.Nederhof' on input line 1525.
Package hyperref Info: Anchor `cite.RigoNumeration' on input line 1531.
Package hyperref Info: Anchor `cite.RSS' on input line 1537.
Package hyperref Info: Anchor `page.23' on input line 1546.
 [23] (primitive_dyck_tkuriyama_IJFCS_submission.aux)
 ***********
LaTeX2e <2025-11-01>
L3 programming layer <2026-01-19>
 ***********
Package rerunfilecheck Info: File `primitive_dyck_tkuriyama_IJFCS_submission.ou
t' has not changed.
(rerunfilecheck)             Checksum: C9EEDE83B3F152BE7F094AC3B607E629;2489.
 ) 
Here is how much of TeX's memory you used:
 11208 strings out of 467867
 171880 string characters out of 5418334
 602676 words of memory out of 5000000
 39844 multiletter control sequences out of 15000+600000
 640946 words of font info for 88 fonts, out of 8000000 for 9000
 1141 hyphenation exceptions out of 8191
 75i,19n,79p,471b,603s stack positions out of 10000i,1000n,20000p,200000b,200000s
 <C:\Users\Owner\AppData\Local\MiKTeX\fonts/pk/ljfour/jknappen/ec/dpi600\tcrm
0800.pk><C:/Users/Owner/AppData/Local/Programs/MiKTeX/fonts/type1/public/amsfon
ts/cm/cmbsy10.pfb><C:/Users/Owner/AppData/Local/Programs/MiKTeX/fonts/type1/pub
lic/amsfonts/cm/cmbx10.pfb><C:/Users/Owner/AppData/Local/Programs/MiKTeX/fonts/
type1/public/amsfonts/cm/cmbx9.pfb><C:/Users/Owner/AppData/Local/Programs/MiKTe
X/fonts/type1/public/amsfonts/cm/cmbxti10.pfb><C:/Users/Owner/AppData/Local/Pro
grams/MiKTeX/fonts/type1/public/amsfonts/cm/cmex10.pfb><C:/Users/Owner/AppData/
Local/Programs/MiKTeX/fonts/type1/public/amsfonts/cm/cmmi10.pfb><C:/Users/Owner
/AppData/Local/Programs/MiKTeX/fonts/type1/public/amsfonts/cm/cmmi6.pfb><C:/Use
rs/Owner/AppData/Local/Programs/MiKTeX/fonts/type1/public/amsfonts/cm/cmmi7.pfb
><C:/Users/Owner/AppData/Local/Programs/MiKTeX/fonts/type1/public/amsfonts/cm/c
mmi8.pfb><C:/Users/Owner/AppData/Local/Programs/MiKTeX/fonts/type1/public/amsfo
nts/cm/cmr10.pfb><C:/Users/Owner/AppData/Local/Programs/MiKTeX/fonts/type1/publ
ic/amsfonts/cm/cmr6.pfb><C:/Users/Owner/AppData/Local/Programs/MiKTeX/fonts/typ
e1/public/amsfonts/cm/cmr7.pfb><C:/Users/Owner/AppData/Local/Programs/MiKTeX/fo
nts/type1/public/amsfonts/cm/cmr8.pfb><C:/Users/Owner/AppData/Local/Programs/Mi
KTeX/fonts/type1/public/amsfonts/cm/cmr9.pfb><C:/Users/Owner/AppData/Local/Prog
rams/MiKTeX/fonts/type1/public/amsfonts/cm/cmss10.pfb><C:/Users/Owner/AppData/L
ocal/Programs/MiKTeX/fonts/type1/public/amsfonts/cm/cmsy10.pfb><C:/Users/Owner/
AppData/Local/Programs/MiKTeX/fonts/type1/public/amsfonts/cm/cmsy7.pfb><C:/User
s/Owner/AppData/Local/Programs/MiKTeX/fonts/type1/public/amsfonts/cm/cmsy8.pfb>
<C:/Users/Owner/AppData/Local/Programs/MiKTeX/fonts/type1/public/amsfonts/cm/cm
ti10.pfb><C:/Users/Owner/AppData/Local/Programs/MiKTeX/fonts/type1/public/amsfo
nts/cm/cmti8.pfb><C:/Users/Owner/AppData/Local/Programs/MiKTeX/fonts/type1/publ
ic/amsfonts/cm/cmti9.pfb><C:/Users/Owner/AppData/Local/Programs/MiKTeX/fonts/ty
pe1/public/amsfonts/cm/cmtt10.pfb><C:/Users/Owner/AppData/Local/Programs/MiKTeX
/fonts/type1/public/amsfonts/symbols/msbm10.pfb>
Output written on primitive_dyck_tkuriyama_IJFCS_submission.pdf (23 pages, 4292
08 bytes).
PDF statistics:
 464 PDF objects out of 1000 (max. 8388607)
 109 named destinations out of 1000 (max. 500000)
 81 words of extra memory for PDF output out of 10000 (max. 10000000)

