\BOOKMARK [1][-]{section.1}{\376\377\136\217\212\326}{}% 1
\BOOKMARK [1][-]{section.2}{\376\377\116\073\211\201\175\120\147\234}{}% 2
\BOOKMARK [1][-]{section.3}{\376\377\156\226\120\231\060\150\133\376\214\141\060\257\060\351\060\271}{}% 3
\BOOKMARK [2][-]{subsection.3.1}{\376\377\153\143\117\213\060\307\060\374\060\277\133\146\177\322}{section.3}% 4
\BOOKMARK [2][-]{subsection.3.2}{\376\377\147\011\226\120\060\342\060\316\060\244\060\311\060\153\060\210\060\213\127\213\116\330\060\121}{section.3}% 5
\BOOKMARK [2][-]{subsection.3.3}{\376\377\117\134\151\155\137\142\000\040\000M\000C\000F\000G\000\040\210\150\171\072}{section.3}% 6
\BOOKMARK [2][-]{subsection.3.4}{\376\377\145\207\060\263\060\363\060\306\060\257\060\271\060\310\060\150\060\277\060\327\060\353\122\006\136\003}{section.3}% 7
\BOOKMARK [1][-]{section.4}{\376\377\117\213}{}% 8
\BOOKMARK [1][-]{section.5}{\376\377\153\143\156\226\133\146\177\322\126\150}{}% 9
\BOOKMARK [2][-]{subsection.5.1}{\376\377\121\372\122\233\127\213\174\276\133\306\123\026}{section.5}% 10
\BOOKMARK [2][-]{subsection.5.2}{\376\377\162\171\137\264\152\031\147\054}{section.5}% 11
\BOOKMARK [2][-]{subsection.5.3}{\376\377\211\263\156\054\060\277\060\327\060\353\060\150\121\167\117\123\166\204\212\074\116\272}{section.5}% 12
\BOOKMARK [2][-]{subsection.5.4}{\376\377\121\167\117\123\166\204\145\207\201\010\060\156\123\101\122\006\140\047}{section.5}% 13
\BOOKMARK [1][-]{section.6}{\376\377\120\145\121\150\140\047\060\150\133\214\121\150\121\215\151\313\142\020}{}% 14
\BOOKMARK [2][-]{subsection.6.1}{\376\377\120\145\121\150\140\047}{section.6}% 15
\BOOKMARK [2][-]{subsection.6.2}{\376\377\133\214\121\150\140\047\060\150\133\214\121\150\121\215\151\313\142\020}{section.6}% 16
\BOOKMARK [1][-]{section.7}{\376\377\116\356\212\254\151\313\142\020\060\150\227\062\121\372\060\265\060\244\060\272}{}% 17
\BOOKMARK [2][-]{subsection.7.1}{\376\377\227\062\121\372\060\265\060\244\060\272\060\150\131\032\230\005\137\017\060\307\060\374\060\277\060\156\130\203\165\114}{section.7}% 18
\BOOKMARK [1][-]{section.8}{\376\377\126\372\133\232\211\263\156\054\060\321\060\351\060\341\060\374\060\277}{}% 19
\BOOKMARK [2][-]{subsection.8.1}{\376\377\161\041\226\120\060\341\060\363\060\320\060\374\150\070}{section.8}% 20
\BOOKMARK [1][-]{section.9}{\376\377\122\006\136\003\133\146\177\322\060\150\060\156\153\324\217\003}{}% 21
\BOOKMARK [1][-]{section.10}{\376\377\175\120\212\326}{}% 22
\BOOKMARK [1][-]{appendix.A}{\376\377\141\017\124\163\212\326\166\204\116\356\133\232\060\156\227\136\133\237\122\271\140\047}{}% 23
