\BOOKMARK [1][-]{section.1}{\376\377\136\217\212\326}{}% 1
\BOOKMARK [1][-]{section.2}{\376\377\133\146\177\322\060\342\060\307\060\353\060\150\147\011\226\120\211\263\156\054\141\017\124\163\212\326}{}% 2
\BOOKMARK [2][-]{subsection.2.1}{\376\377\153\143\117\213\060\307\060\374\060\277\060\113\060\211\060\156\133\146\177\322}{section.2}% 3
\BOOKMARK [2][-]{subsection.2.2}{\376\377\147\011\226\120\211\263\156\054}{section.2}% 4
\BOOKMARK [2][-]{subsection.2.3}{\376\377\131\032\221\315\145\207\201\010\201\352\165\061\145\207\154\325}{section.2}% 5
\BOOKMARK [2][-]{subsection.2.4}{\376\377\124\021\060\115\116\330\060\115\060\277\060\327\060\353\145\207\201\010\060\150\141\017\124\163\212\326\166\204\060\271\060\351\060\244\060\271}{section.2}% 6
\BOOKMARK [1][-]{section.3}{\376\377\127\372\147\054\117\213}{}% 7
\BOOKMARK [1][-]{section.4}{\376\377\153\143\117\213\060\307\060\374\060\277\060\113\060\211\060\156\152\031\156\226\121\215\151\313\142\020}{}% 8
\BOOKMARK [2][-]{subsection.4.1}{\376\377\121\372\122\233\127\213\174\276\133\306\123\026\060\150\227\062\121\372\145\207\201\010}{section.4}% 9
\BOOKMARK [2][-]{subsection.4.2}{\376\377\161\041\227\363\133\120\127\047\176\056\060\150\147\011\226\120\211\217\122\107\227\062\121\372}{section.4}% 10
\BOOKMARK [2][-]{subsection.4.3}{\376\377\152\031\147\054\147\011\165\114\060\351\060\363\060\257\060\150\152\031\156\226\133\146\177\322\126\150}{section.4}% 11
\BOOKMARK [2][-]{subsection.4.4}{\376\377\120\145\121\150\140\047\060\150\153\143\170\272\060\152\121\215\151\313\142\020}{section.4}% 12
\BOOKMARK [1][-]{section.5}{\376\377\116\356\212\254\060\156\122\271\163\207\166\204\151\313\142\020}{}% 13
\BOOKMARK [1][-]{section.6}{\376\377\157\134\127\050\211\263\156\054\060\153\060\210\060\213\133\146\177\322}{}% 14
\BOOKMARK [2][-]{subsection.6.1}{\376\377\147\011\165\114\060\152\157\134\127\050\211\263\156\054}{section.6}% 15
\BOOKMARK [2][-]{subsection.6.2}{\376\377\146\156\220\115\123\026\060\156\140\305\130\061\060\263\060\271\060\310}{section.6}% 16
\BOOKMARK [2][-]{subsection.6.3}{\376\377\161\041\165\114\060\152\157\134\127\050\211\263\156\054}{section.6}% 17
\BOOKMARK [1][-]{section.7}{\376\377\131\032\153\041\121\103\122\006\136\003\133\146\177\322\060\150\060\156\225\242\117\302}{}% 18
\BOOKMARK [2][-]{subsection.7.1}{\376\377\116\000\060\144\060\156\211\263\156\054\060\271\060\351\060\244\060\271\060\153\060\112\060\121\060\213\000\040\000Y\000o\000s\000h\000i\000n\000a\000k\000a\000\040\060\156\141\017\124\163\212\326\166\204\212\000\212\236\145\317}{section.7}% 19
\BOOKMARK [2][-]{subsection.7.2}{\376\377\211\217\122\107\060\351\060\363\060\257\060\150\211\263\156\054\060\263\060\271\060\310\377\032\060\277\060\260\116\330\060\115\217\003\153\143\060\150\126\372\133\232\060\242\060\353\060\325\060\241\060\331\060\303\060\310\217\003\153\143}{section.7}% 20
\BOOKMARK [2][-]{subsection.7.3}{\376\377\147\011\226\120\162\266\141\113\122\066\137\241\060\150\147\011\226\120\130\203\165\114\000\040\000g\000u\000a\000r\000d\000\040\060\156\153\324\217\003}{section.7}% 21
\BOOKMARK [2][-]{subsection.7.4}{\376\377\000C\000o\000n\000g\000r\000u\000e\000n\000t\000i\000a\000l\000\040\122\006\211\343}{section.7}% 22
\BOOKMARK [2][-]{subsection.7.5}{\376\377\060\135\060\156\116\326\060\156\122\006\136\003\133\146\177\322\147\240\175\104\060\177}{section.7}% 23
\BOOKMARK [1][-]{section.8}{\376\377\175\120\212\326}{}% 24
\BOOKMARK [1][-]{appendix.A}{\376\377\060\351\060\363\060\257\226\216\134\144\060\156\142\200\210\123\166\204\212\074\146\016}{}% 25
\BOOKMARK [1][-]{appendix.B}{\376\377\141\017\124\163\212\326\166\204\116\356\133\232\060\156\154\172\133\232\211\007\226\321\140\047}{}% 26
