\BOOKMARK [1][-]{section.1}{\376\377\136\217\212\326}{}% 1
\BOOKMARK [2][-]{subsection.1.1}{\376\377\147\011\226\120\124\010\142\020\166\204\127\047\176\056}{section.1}% 2
\BOOKMARK [2][-]{subsection.1.2}{\376\377\060\242\060\352\060\306\060\243\226\216\134\144\060\150\116\073\133\232\164\006}{section.1}% 3
\BOOKMARK [2][-]{subsection.1.3}{\376\377\225\242\220\043\170\024\172\166\060\150\147\054\172\077\060\156\133\304\116\016\060\156\173\304\126\362}{section.1}% 4
\BOOKMARK [2][-]{subsection.1.4}{\376\377\212\326\145\207\060\156\151\313\142\020}{section.1}% 5
\BOOKMARK [1][-]{section.2}{\376\377\175\161\212\236\151\202\137\365\136\176\117\125\060\150\147\011\226\120\060\342\060\316\060\244\060\311\127\047\176\056}{}% 6
\BOOKMARK [2][-]{subsection.2.1}{\376\377\000C\000l\000a\000r\000k\040\023\000W\000u\000r\000m\000\040\060\156\147\011\226\120\060\277\060\327\060\353\130\124}{section.2}% 7
\BOOKMARK [2][-]{subsection.2.2}{\376\377\116\073\000\040\000i\000n\000t\000e\000n\000t\000\040\060\156\221\315\060\152\060\212}{section.2}% 8
\BOOKMARK [2][-]{subsection.2.3}{\376\377\127\047\176\056\145\160}{section.2}% 9
\BOOKMARK [2][-]{subsection.2.4}{\376\377\153\143\122\107\212\000\212\236\060\153\133\376\060\131\060\213\147\011\226\120\000\040\000S\000C\000L\000\040\220\204\121\103}{section.2}% 10
\BOOKMARK [1][-]{section.3}{\376\377\212\236\060\354\060\331\060\353\060\156\210\135\172\201\060\150\124\010\142\020\166\204\127\047\176\056}{}% 11
\BOOKMARK [2][-]{subsection.3.1}{\376\377\060\242\060\352\060\306\060\243\0001\060\156\210\135\172\201\060\260\060\351\060\325}{section.3}% 12
\BOOKMARK [2][-]{subsection.3.2}{\376\377\153\143\122\107\212\000\212\236\377\032\137\151\202\162\060\113\060\211\175\161\212\236\141\017\124\163\212\326\060\170}{section.3}% 13
\BOOKMARK [2][-]{subsection.3.3}{\376\377\124\010\142\020\166\204\122\006\226\342\174\373\060\150\060\127\060\146\060\156\232\330\153\041\060\242\060\352\060\306\060\243}{section.3}% 14
\BOOKMARK [1][-]{section.4}{\376\377\210\135\172\201\211\343\155\210\060\156\116\343\145\160\166\204\162\171\137\264\060\145\060\121}{}% 15
\BOOKMARK [2][-]{subsection.4.1}{\376\377\201\352\165\061\060\342\060\316\060\244\060\311\116\012\060\156\122\006\226\342\173\300}{section.4}% 16
\BOOKMARK [2][-]{subsection.4.2}{\376\377\153\143\122\107\212\000\212\236\060\153\133\376\060\131\060\213\147\011\226\120\175\161\212\236\000\040\000p\000r\000o\000f\000i\000l\000e}{section.4}% 17
\BOOKMARK [2][-]{subsection.4.3}{\376\377\127\047\176\056\121\231\120\317\060\114\212\230\134\016\060\131\060\213\152\031\156\226\225\242\117\302\166\204\134\004}{section.4}% 18
\BOOKMARK [2][-]{subsection.4.4}{\376\377\201\352\165\061\060\342\060\316\060\244\060\311\124\010\124\014\060\153\060\210\060\213\162\171\137\264\060\145\060\121}{section.4}% 19
\BOOKMARK [2][-]{subsection.4.5}{\376\377\225\242\117\302\166\204\134\004\060\153\060\210\060\213\162\171\137\264\060\145\060\121}{section.4}% 20
\BOOKMARK [2][-]{subsection.4.6}{\376\377\147\011\226\120\120\164\060\156\127\372\147\054\116\012\165\114\377\032\123\357\143\333\060\152\130\064\124\010\060\156\135\051\130\312}{section.4}% 21
\BOOKMARK [1][-]{section.5}{\376\377\000V\000a\000b\000\040\121\205\060\156\060\242\060\352\060\306\060\243\130\227\136\105}{}% 22
\BOOKMARK [2][-]{subsection.5.1}{\376\377\000V\000a\000b\000\040\121\205\060\156\147\011\226\120\122\035\147\037\220\350\122\006\146\156\220\115\140\047}{section.5}% 23
\BOOKMARK [2][-]{subsection.5.2}{\376\377\000S\000C\000L\000\040\127\047\176\056\232\330\060\125}{section.5}% 24
\BOOKMARK [1][-]{section.6}{\376\377\133\214\121\150\153\143\122\107\060\342\060\316\060\244\060\311\060\157\060\242\060\352\060\306\060\243\0002\060\147\230\375\124\214\060\131\060\213}{}% 25
\BOOKMARK [2][-]{subsection.6.1}{\376\377\123\327\164\006\000\040\000c\000o\000m\000p\000l\000e\000t\000e\000l\000y\000\040\000s\000i\000m\000p\000l\000e\000\040\142\020\122\006\121\205\060\156\134\100\142\100\122\133\140\047}{section.6}% 26
\BOOKMARK [2][-]{subsection.6.2}{\376\377\116\000\151\330\060\152\116\055\137\303\153\040\226\145}{section.6}% 27
\BOOKMARK [2][-]{subsection.6.3}{\376\377\116\373\141\017\060\277\060\327\060\353\060\156\116\214\230\005\127\047\176\056}{section.6}% 28
\BOOKMARK [1][-]{section.7}{\376\377\131\047\127\337\166\204\127\047\176\056\232\330\060\125\116\011\122\006\154\325\060\150\222\355\060\104\230\030\127\337}{}% 29
\BOOKMARK [2][-]{subsection.7.1}{\376\377\177\244\175\161\212\236\060\342\060\316\060\244\060\311\377\032\225\242\117\302\166\204\127\047\176\056\060\157\125\106\060\170\135\051\130\312\060\131\060\213}{section.7}% 30
\BOOKMARK [2][-]{subsection.7.2}{\376\377\232\330\060\125\0001\060\222\116\016\060\110\060\213\173\054\116\214\060\156\152\137\151\313\377\032\060\320\060\363\060\311}{section.7}% 31
\BOOKMARK [2][-]{subsection.7.3}{\376\377\150\070\177\244\212\000\212\236\377\032\060\242\060\352\060\306\060\243\0002\060\157\121\205\220\350\121\161\137\171\060\222\151\034\121\372\060\131\060\213}{section.7}% 32
\BOOKMARK [2][-]{subsection.7.4}{\376\377\232\330\060\125\060\156\222\355\060\125\060\150\123\344\121\170\166\204\060\331\060\363\060\301\060\336\060\374\060\257}{section.7}% 33
\BOOKMARK [2][-]{subsection.7.5}{\376\377\060\331\060\363\060\301\060\336\060\374\060\257\144\354\131\032\151\330\117\123\060\150\147\000\134\017\226\234\133\263}{section.7}% 34
\BOOKMARK [1][-]{section.8}{\376\377\060\260\060\351\060\325\133\237\163\376\060\150\212\010\173\227\221\317}{}% 35
\BOOKMARK [2][-]{subsection.8.1}{\376\377\060\260\060\351\060\325\212\000\212\236\060\156\151\313\142\020}{section.8}% 36
\BOOKMARK [2][-]{subsection.8.2}{\376\377\000u\000n\000s\000a\000f\000e\000\040\126\340\133\120\060\156\122\006\230\136}{section.8}% 37
\BOOKMARK [2][-]{subsection.8.3}{\376\377\137\151\202\162\145\160\060\156\123\263\133\306\133\237\163\376}{section.8}% 38
\BOOKMARK [2][-]{subsection.8.4}{\376\377\147\011\226\120\212\000\212\236\060\153\133\376\060\131\060\213\154\172\133\232\125\117\230\114}{section.8}% 39
\BOOKMARK [2][-]{subsection.8.5}{\376\377\146\016\171\072\166\204\060\152\160\271\116\330\060\115\060\342\060\316\060\244\060\311\060\113\060\211\060\156\212\010\173\227\221\317}{section.8}% 40
\BOOKMARK [1][-]{section.9}{\376\377\213\160\212\326\060\150\147\052\211\343\154\172\125\117\230\114}{}% 41
